// Jest Snapshot v1, https://jestjs.io/docs/snapshot-testing

exports[`Selfie Component matches snapshot 1`] = `
<div>
  <section
    aria-label="Selfie comparison"
    class="flex flex-col items-center justify-center w-full h-full gap-4 p-4"
    role="group"
  >
    <figure>
      <video />
      <figcaption
        class="text-center text-sm text-gray-500 mt-2"
      >
        Camera Stream
      </figcaption>
    </figure>
    <div
      class="rounded-lg border bg-card text-card-foreground shadow-sm"
    >
      <div
        class="p-6 pt-0"
      >
        <div
          class="grid grid-cols-1 md:grid-cols-2 gap-2"
          id="result-wrapper"
        >
          <figure>
            <img
              alt="No selfie captured yet"
              class="aspect-square object-cover rounded-lg w-full h-auto max-w-sm md:max-w-md"
              id="selfie-img"
              role="button"
              src="data:image/svg+xml;base64,PHN2ZyB3aWR0aD0iMjAwIiBoZWlnaHQ9IjIwMCIgdmlld0JveD0iMCAwIDIwMCAyMDAiIGZpbGw9Im5vbmUiIHhtbG5zPSJodHRwOi8vd3d3LnczLm9yZy8yMDAwL3N2ZyI+CjxyZWN0IHdpZHRoPSIyMDAiIGhlaWdodD0iMjAwIiBmaWxsPSIjRjNGNEY2Ii8+CjxwYXRoIGQ9Ik0xMDAgMTMwQzExNi41NjkgMTMwIDEzMCAxMTYuNTY5IDEzMCAxMDBDMTMwIDgzLjQzMTUgMTE2LjU2OSA3MCAxMDAgNzBDODMuNDMxNSA3MCA3MCA4My40MzE1IDcwIDEwMEM3MCAxMTYuNTY5IDgzLjQzMTUgMTMwIDEwMCAxMzBaIiBmaWxsPSIjRDlEQ0YwIi8+CjxwYXRoIGQ9Ik0xMDAgMTEwQzEwNS41MjMgMTEwIDExMCAxMDUuNTIzIDExMCAxMDBDMTEwIDk0LjQ3NzIgMTA1LjUyMyA5MCAxMDAgOTBDOTQuNDc3MiA5MCA5MCA5NC40NzcyIDkwIDEwMEM5MCAxMDUuNTIzIDk0LjQ3NzIgMTEwIDEwMCAxMTBaIiBmaWxsPSIjOUI5QkEwIi8+Cjwvc3ZnPgo="
              tabindex="0"
            />
          </figure>
          <figure>
            <img
              alt="Anime portrait not yet generated"
              class="aspect-square object-cover rounded-lg w-full h-auto max-w-sm md:max-w-md"
              id="anime-img"
              role="button"
              src="data:image/svg+xml;base64,PHN2ZyB3aWR0aD0iMjAwIiBoZWlnaHQ9IjIwMCIgdmlld0JveD0iMCAwIDIwMCAyMDAiIGZpbGw9Im5vbmUiIHhtbG5zPSJodHRwOi8vd3d3LnczLm9yZy8yMDAwL3N2ZyI+CjxyZWN0IHdpZHRoPSIyMDAiIGhlaWdodD0iMjAwIiBmaWxsPSIjRjNGNEY2Ii8+CjxwYXRoIGQ9Ik0xMDAgMTMwQzExNi41NjkgMTMwIDEzMCAxMTYuNTY5IDEzMCAxMDBDMTMwIDgzLjQzMTUgMTE2LjU2OSA3MCAxMDAgNzBDODMuNDMxNSA3MCA3MCA4My40MzE1IDcwIDEwMEM3MCAxMTYuNTY5IDgzLjQzMTUgMTMwIDEwMCAxMzBaIiBmaWxsPSIjRkY5OENGIi8+CjxwYXRoIGQ9Ik0xMDAgMTEwQzEwNS41MjMgMTEwIDExMCAxMDUuNTIzIDExMCAxMDBDMTEwIDk0LjQ3NzIgMTA1LjUyMyA5MCAxMDAgOTBDOTQuNDc3MiA5MCA5MCA5NC40NzcyIDkwIDEwMEM5MCAxMDUuNTIzIDk0LjQ3NzIgMTEwIDEwMCAxMTBaIiBmaWxsPSIjRkY2QjM1Ii8+Cjwvc3ZnPgo="
              tabindex="0"
            />
          </figure>
        </div>
      </div>
    </div>
    <div
      class="flex gap-2"
    >
      <button
        aria-label="Take photo"
        aria-live="polite"
        class="inline-flex items-center justify-center gap-2 whitespace-nowrap rounded-md text-sm font-medium transition-all disabled:pointer-events-none disabled:opacity-50 [&_svg]:pointer-events-none [&_svg:not([class*='size-'])]:size-4 shrink-0 [&_svg]:shrink-0 outline-none focus-visible:border-ring focus-visible:ring-ring/50 focus-visible:ring-[3px] aria-invalid:ring-destructive/20 dark:aria-invalid:ring-destructive/40 aria-invalid:border-destructive bg-primary text-primary-foreground shadow-xs hover:bg-primary/90 h-9 px-4 py-2 has-[>svg]:px-3"
        data-slot="button"
        id="take-btn"
      >
        Take
      </button>
      <button
        aria-expanded="false"
        aria-haspopup="menu"
        aria-label="Download"
        aria-live="polite"
        class="inline-flex items-center justify-center gap-2 whitespace-nowrap rounded-md text-sm font-medium transition-all disabled:pointer-events-none disabled:opacity-50 [&_svg]:pointer-events-none [&_svg:not([class*='size-'])]:size-4 shrink-0 [&_svg]:shrink-0 outline-none focus-visible:border-ring focus-visible:ring-ring/50 focus-visible:ring-[3px] aria-invalid:ring-destructive/20 dark:aria-invalid:ring-destructive/40 aria-invalid:border-destructive bg-secondary text-secondary-foreground shadow-xs hover:bg-secondary/80 h-9 px-4 py-2 has-[>svg]:px-3"
        data-slot="button"
        data-state="closed"
        disabled=""
        id="download-btn"
        type="button"
      >
        Download
      </button>
      <button
        aria-label="Retake"
        aria-live="polite"
        class="inline-flex items-center justify-center gap-2 whitespace-nowrap rounded-md text-sm font-medium transition-all disabled:pointer-events-none disabled:opacity-50 [&_svg]:pointer-events-none [&_svg:not([class*='size-'])]:size-4 shrink-0 [&_svg]:shrink-0 outline-none focus-visible:border-ring focus-visible:ring-ring/50 focus-visible:ring-[3px] aria-invalid:ring-destructive/20 dark:aria-invalid:ring-destructive/40 aria-invalid:border-destructive bg-secondary text-secondary-foreground shadow-xs hover:bg-secondary/80 h-9 px-4 py-2 has-[>svg]:px-3"
        data-slot="button"
        disabled=""
        id="retake-btn"
      >
        Retake
      </button>
      <button
        aria-label="Generate anime portrait"
        class="inline-flex items-center justify-center gap-2 whitespace-nowrap rounded-md text-sm font-medium transition-all disabled:pointer-events-none disabled:opacity-50 [&_svg]:pointer-events-none [&_svg:not([class*='size-'])]:size-4 shrink-0 [&_svg]:shrink-0 outline-none focus-visible:border-ring focus-visible:ring-ring/50 focus-visible:ring-[3px] aria-invalid:ring-destructive/20 dark:aria-invalid:ring-destructive/40 aria-invalid:border-destructive bg-primary text-primary-foreground shadow-xs hover:bg-primary/90 h-9 px-4 py-2 has-[>svg]:px-3"
        data-slot="button"
        disabled=""
        id="generate-anime-btn"
      >
        Generate Anime
      </button>
    </div>
  </section>
</div>
`;
