// Jest Snapshot v1, https://jestjs.io/docs/snapshot-testing

exports[`PolaroidPhotoGenerator Initial Rendering renders placeholder while generatedImage is undefined 1`] = `
<div
  class="relative flex flex-col items-center"
  data-testid="polaroid-generator"
>
  <div
    class="relative bg-white p-6 w-[475px] h-[550px] flex flex-col shadow-lg rounded-sm"
  >
    <div
      class="relative w-full h-[400px] overflow-hidden rounded-sm bg-gray-100"
    >
      <div
        class="absolute inset-0 flex items-center justify-center"
      >
        <div
          class="text-gray-400 font-mono text-center"
        >
          Ready to generate
        </div>
      </div>
    </div>
    <div
      class="h-[70px] bg-white flex items-center justify-center"
    >
      <div
        class="text-lg text-gray-600 font-mono"
      >
        Ready to generate
      </div>
    </div>
  </div>
</div>
`;
